{
  "id": "5cbe47700000000000000000",
  "name": "Product 01",
  "quantity": 1
}